[phase_a] reviewing 51 segments at threshold=0.75 (VibeVoice presumed correct)
[phase_a] 2/51 [keep:nemotron_says_] conf_wrong=0.00 (4.7s / total 5s, eta 116s)
[phase_a] 3/51 [keep:nemotron_says_] conf_wrong=0.00 (4.7s / total 9s, eta 152s)
[phase_a] 4/51 [keep:nemotron_says_] conf_wrong=0.00 (4.7s / total 14s, eta 167s)
[phase_a] 6/51 [keep:nemotron_says_] conf_wrong=0.00 (4.7s / total 19s, eta 142s)
[phase_a] 7/51 [keep:nemotron_says_] conf_wrong=0.00 (4.7s / total 24s, eta 149s)
[phase_a] 8/51 [keep:nemotron_says_] conf_wrong=0.00 (4.7s / total 28s, eta 153s)
[phase_a] 9/51 [keep:nemotron_says_] conf_wrong=0.00 (4.7s / total 33s, eta 155s)
[phase_a] 10/51 [keep:nemotron_says_] conf_wrong=0.00 (4.7s / total 38s, eta 155s)
[phase_a] 11/51 [keep:nemotron_says_] conf_wrong=0.00 (4.7s / total 43s, eta 155s)
[phase_a] 12/51 [keep:nemotron_says_] conf_wrong=0.00 (4.7s / total 47s, eta 154s)
[phase_a] 13/51 [keep:nemotron_says_] conf_wrong=0.00 (4.7s / total 52s, eta 152s)
[phase_a] 14/51 [keep:nemotron_says_] conf_wrong=0.00 (4.7s / total 57s, eta 150s)
[phase_a] 16/51 [keep:nemotron_says_] conf_wrong=0.00 (4.7s / total 62s, eta 135s)
[phase_a] 17/51 [keep:nemotron_says_] conf_wrong=0.00 (4.7s / total 66s, eta 133s)
[phase_a] 19/51 [keep:nemotron_says_] conf_wrong=0.00 (4.7s / total 71s, eta 120s)
[phase_a] 21/51 [keep:nemotron_says_] conf_wrong=0.00 (4.7s / total 76s, eta 108s)
[phase_a] 22/51 [keep:nemotron_says_] conf_wrong=0.00 (5.2s / total 81s, eta 107s)
[phase_a] 23/51 [keep:nemotron_says_] conf_wrong=0.00 (4.7s / total 86s, eta 104s)
[phase_a] 24/51 [keep:nemotron_says_] conf_wrong=0.00 (4.7s / total 90s, eta 102s)
[phase_a] 25/51 [keep:nemotron_says_] conf_wrong=0.00 (4.7s / total 95s, eta 99s)
[phase_a] 27/51 [keep:nemotron_says_] conf_wrong=0.00 (4.7s / total 100s, eta 89s)
[phase_a] 28/51 [keep:nemotron_says_] conf_wrong=0.00 (4.7s / total 105s, eta 86s)
[phase_a] 29/51 [keep:nemotron_says_] conf_wrong=0.00 (4.7s / total 109s, eta 83s)
[phase_a] 30/51 [keep:nemotron_says_] conf_wrong=0.00 (4.7s / total 114s, eta 80s)
[phase_a] 32/51 [keep:nemotron_says_] conf_wrong=0.00 (5.2s / total 119s, eta 71s)
[phase_a] 33/51 [keep:nemotron_says_] conf_wrong=0.00 (4.7s / total 124s, eta 68s)
[phase_a] 34/51 [keep:nemotron_says_] conf_wrong=0.00 (5.2s / total 129s, eta 65s)
[phase_a] 35/51 [keep:nemotron_says_] conf_wrong=0.00 (5.2s / total 135s, eta 61s)
[phase_a] 36/51 [keep:nemotron_says_] conf_wrong=0.00 (4.7s / total 139s, eta 58s)
[phase_a] 37/51 [keep:nemotron_says_] conf_wrong=0.00 (5.2s / total 144s, eta 55s)
[phase_a] 38/51 [keep:nemotron_says_] conf_wrong=0.00 (5.2s / total 150s, eta 51s)
[phase_a] 39/51 [keep:nemotron_says_] conf_wrong=0.00 (4.7s / total 154s, eta 48s)
[phase_a] 40/51 [keep:nemotron_says_] conf_wrong=0.00 (5.2s / total 160s, eta 44s)
[phase_a] 41/51 [keep:nemotron_says_] conf_wrong=0.00 (5.2s / total 165s, eta 40s)
[phase_a] 42/51 [keep:nemotron_says_] conf_wrong=0.00 (5.3s / total 170s, eta 36s)
[phase_a] 43/51 [keep:nemotron_says_] conf_wrong=0.00 (5.2s / total 175s, eta 33s)
[phase_a] 44/51 [keep:nemotron_says_] conf_wrong=0.00 (5.2s / total 181s, eta 29s)
[phase_a] 45/51 [keep:nemotron_says_] conf_wrong=0.00 (4.7s / total 185s, eta 25s)
[phase_a] 46/51 [keep:nemotron_says_] conf_wrong=0.00 (5.2s / total 191s, eta 21s)
[phase_a] 47/51 [keep:nemotron_says_] conf_wrong=0.00 (5.2s / total 196s, eta 17s)
[phase_a] 48/51 [keep:nemotron_says_] conf_wrong=0.00 (5.2s / total 201s, eta 13s)
[phase_a] 49/51 [keep:nemotron_says_] conf_wrong=0.00 (4.7s / total 206s, eta 8s)
[phase_a] 50/51 [keep:nemotron_says_] conf_wrong=0.00 (4.7s / total 211s, eta 4s)
[phase_a] 51/51 [keep:nemotron_says_] conf_wrong=0.00 (5.2s / total 216s, eta 0s)

[phase_a] done.
  applied corrections: 0/51
  rejections: {'nemotron_says_correct': 44}
  parse errors: 0
  total review time: 214s
  wall clock: 216s
