[phase_a] reviewing 51 segments at threshold=0.75 (VibeVoice presumed correct)
[phase_a] 2/51 [keep:nemotron_says_] conf_wrong=0.00 (5.7s / total 6s, eta 140s)
[phase_a] 3/51 [FLIP] conf_wrong=0.95 (5.2s / total 11s, eta 174s)
[phase_a] 4/51 [keep:nemotron_says_] conf_wrong=0.00 (4.7s / total 16s, eta 183s)
[phase_a] 6/51 [keep:nemotron_says_] conf_wrong=0.00 (5.2s / total 21s, eta 156s)
[phase_a] 7/51 [keep:nemotron_says_] conf_wrong=0.00 (4.2s / total 25s, eta 158s)
[phase_a] 8/51 [keep:nemotron_says_] conf_wrong=0.00 (5.2s / total 30s, eta 163s)
[phase_a] 9/51 [keep:nemotron_says_] conf_wrong=0.00 (5.2s / total 35s, eta 166s)
[phase_a] 10/51 [keep:nemotron_says_] conf_wrong=0.00 (5.2s / total 41s, eta 167s)
[phase_a] 11/51 [keep:nemotron_says_] conf_wrong=0.00 (6.2s / total 47s, eta 171s)
[phase_a] 12/51 [keep:nemotron_says_] conf_wrong=0.00 (4.2s / total 51s, eta 166s)
[phase_a] 13/51 [keep:nemotron_says_] conf_wrong=0.00 (4.7s / total 56s, eta 163s)
[phase_a] 14/51 [keep:nemotron_says_] conf_wrong=0.00 (4.7s / total 61s, eta 160s)
[phase_a] 16/51 [keep:nemotron_says_] conf_wrong=0.00 (4.7s / total 65s, eta 143s)
[phase_a] 17/51 [keep:nemotron_says_] conf_wrong=0.00 (6.2s / total 71s, eta 143s)
[phase_a] 19/51 [keep:nemotron_says_] conf_wrong=0.00 (4.7s / total 76s, eta 128s)
[phase_a] 21/51 [keep:nemotron_says_] conf_wrong=0.00 (6.2s / total 82s, eta 118s)
[phase_a] 22/51 [keep:nemotron_says_] conf_wrong=0.00 (8.7s / total 91s, eta 120s)
[phase_a] 23/51 [FLIP] conf_wrong=0.95 (9.2s / total 100s, eta 122s)
[phase_a] 24/51 [keep:nemotron_says_] conf_wrong=0.00 (6.3s / total 107s, eta 120s)
[phase_a] 25/51 [keep:nemotron_says_] conf_wrong=0.00 (5.1s / total 112s, eta 116s)
[phase_a] 27/51 [keep:nemotron_says_] conf_wrong=0.00 (6.1s / total 118s, eta 105s)
[phase_a] 28/51 [keep:nemotron_says_] conf_wrong=0.00 (5.1s / total 123s, eta 101s)
[phase_a] 29/51 [keep:nemotron_says_] conf_wrong=0.00 (6.1s / total 129s, eta 98s)
[phase_a] 30/51 [keep:nemotron_says_] conf_wrong=0.00 (4.7s / total 134s, eta 94s)
[phase_a] 32/51 [keep:nemotron_says_] conf_wrong=0.00 (5.1s / total 139s, eta 83s)
[phase_a] 33/51 [keep:nemotron_says_] conf_wrong=0.00 (4.6s / total 144s, eta 79s)
[phase_a] 34/51 [keep:nemotron_says_] conf_wrong=0.00 (5.2s / total 149s, eta 75s)
[phase_a] 35/51 [keep:nemotron_says_] conf_wrong=0.00 (6.2s / total 155s, eta 71s)
[phase_a] 36/51 [keep:nemotron_says_] conf_wrong=0.00 (4.6s / total 160s, eta 67s)
[phase_a] 37/51 [keep:nemotron_says_] conf_wrong=0.00 (7.7s / total 168s, eta 63s)
[phase_a] 38/51 [keep:nemotron_says_] conf_wrong=0.00 (5.1s / total 173s, eta 59s)
[phase_a] 39/51 [keep:nemotron_says_] conf_wrong=0.00 (4.6s / total 178s, eta 55s)
[phase_a] 40/51 [keep:nemotron_says_] conf_wrong=0.00 (4.6s / total 182s, eta 50s)
[phase_a] 41/51 [keep:nemotron_says_] conf_wrong=0.00 (7.2s / total 190s, eta 46s)
[phase_a] 42/51 [keep:trivial_diff (] conf_wrong=0.95 (10.2s / total 200s, eta 43s)
[phase_a] 43/51 [keep:nemotron_says_] conf_wrong=0.00 (5.7s / total 205s, eta 38s)
[phase_a] 44/51 [keep:nemotron_says_] conf_wrong=0.00 (6.6s / total 212s, eta 34s)
[phase_a] 45/51 [keep:nemotron_says_] conf_wrong=0.00 (5.1s / total 217s, eta 29s)
[phase_a] 46/51 [keep:nemotron_says_] conf_wrong=0.00 (7.1s / total 224s, eta 24s)
[phase_a] 47/51 [keep:nemotron_says_] conf_wrong=0.00 (4.7s / total 229s, eta 20s)
[phase_a] 48/51 [FLIP] conf_wrong=0.95 (10.2s / total 239s, eta 15s)
[phase_a] 49/51 [keep:nemotron_says_] conf_wrong=0.00 (5.1s / total 245s, eta 10s)
[phase_a] 50/51 [keep:nemotron_says_] conf_wrong=0.00 (6.2s / total 251s, eta 5s)
[phase_a] 51/51 [keep:nemotron_says_] conf_wrong=0.00 (8.2s / total 259s, eta 0s)

[phase_a] done.
  applied corrections: 3/51
  rejections: {'nemotron_says_correct': 40, 'trivial_diff (punctuation/case/filler/format only)': 1}
  parse errors: 0
  total review time: 257s
  wall clock: 259s
