[phase_a] reviewing 51 segments at threshold=0.75 (VibeVoice presumed correct)
[phase_a] 2/51 [keep:nemotron_says_] conf_wrong=0.00 (3.6s / total 4s, eta 89s)
[phase_a] 3/51 [keep:nemotron_says_] conf_wrong=0.00 (3.6s / total 7s, eta 117s)
[phase_a] 4/51 [keep:nemotron_says_] conf_wrong=0.00 (3.7s / total 11s, eta 129s)
[phase_a] 6/51 [keep:nemotron_says_] conf_wrong=0.00 (3.7s / total 15s, eta 111s)
[phase_a] 7/51 [keep:nemotron_says_] conf_wrong=0.00 (3.7s / total 18s, eta 116s)
[phase_a] 8/51 [keep:nemotron_says_] conf_wrong=0.00 (3.7s / total 22s, eta 119s)
[phase_a] 9/51 [keep:nemotron_says_] conf_wrong=0.00 (3.7s / total 26s, eta 121s)
[phase_a] 10/51 [keep:nemotron_says_] conf_wrong=0.00 (3.7s / total 30s, eta 122s)
[phase_a] 11/51 [keep:nemotron_says_] conf_wrong=0.00 (3.7s / total 33s, eta 121s)
[phase_a] 12/51 [keep:nemotron_says_] conf_wrong=0.00 (3.7s / total 37s, eta 121s)
[phase_a] 13/51 [keep:nemotron_says_] conf_wrong=0.00 (3.7s / total 41s, eta 119s)
[phase_a] 14/51 [keep:nemotron_says_] conf_wrong=0.00 (3.7s / total 45s, eta 118s)
[phase_a] 16/51 [keep:nemotron_says_] conf_wrong=0.00 (3.7s / total 48s, eta 106s)
[phase_a] 17/51 [keep:nemotron_says_] conf_wrong=0.00 (3.7s / total 52s, eta 104s)
[phase_a] 19/51 [keep:nemotron_says_] conf_wrong=0.00 (3.7s / total 56s, eta 94s)
[phase_a] 21/51 [keep:nemotron_says_] conf_wrong=0.00 (3.7s / total 59s, eta 85s)
[phase_a] 22/51 [keep:nemotron_says_] conf_wrong=0.00 (4.1s / total 64s, eta 84s)
[phase_a] 23/51 [keep:nemotron_says_] conf_wrong=0.00 (3.7s / total 67s, eta 82s)
[phase_a] 24/51 [keep:nemotron_says_] conf_wrong=0.00 (3.7s / total 71s, eta 80s)
[phase_a] 25/51 [keep:nemotron_says_] conf_wrong=0.00 (3.7s / total 75s, eta 78s)
[phase_a] 27/51 [keep:nemotron_says_] conf_wrong=0.00 (3.7s / total 78s, eta 70s)
[phase_a] 28/51 [keep:nemotron_says_] conf_wrong=0.00 (3.7s / total 82s, eta 67s)
[phase_a] 29/51 [keep:nemotron_says_] conf_wrong=0.00 (3.7s / total 86s, eta 65s)
[phase_a] 30/51 [keep:nemotron_says_] conf_wrong=0.00 (3.7s / total 90s, eta 63s)
[phase_a] 32/51 [keep:nemotron_says_] conf_wrong=0.00 (3.7s / total 93s, eta 55s)
[phase_a] 33/51 [keep:nemotron_says_] conf_wrong=0.00 (3.7s / total 97s, eta 53s)
[phase_a] 34/51 [keep:nemotron_says_] conf_wrong=0.00 (3.7s / total 101s, eta 50s)
[phase_a] 35/51 [keep:nemotron_says_] conf_wrong=0.00 (3.7s / total 104s, eta 48s)
[phase_a] 36/51 [keep:nemotron_says_] conf_wrong=0.00 (3.7s / total 108s, eta 45s)
[phase_a] 37/51 [keep:nemotron_says_] conf_wrong=0.00 (4.1s / total 112s, eta 43s)
[phase_a] 38/51 [keep:nemotron_says_] conf_wrong=0.00 (3.7s / total 116s, eta 40s)
[phase_a] 39/51 [keep:nemotron_says_] conf_wrong=0.00 (3.7s / total 120s, eta 37s)
[phase_a] 40/51 [keep:nemotron_says_] conf_wrong=0.00 (3.7s / total 123s, eta 34s)
[phase_a] 41/51 [keep:nemotron_says_] conf_wrong=0.00 (3.7s / total 127s, eta 31s)
[phase_a] 42/51 [keep:nemotron_says_] conf_wrong=0.00 (3.7s / total 131s, eta 28s)
[phase_a] 43/51 [keep:nemotron_says_] conf_wrong=0.00 (3.7s / total 135s, eta 25s)
[phase_a] 44/51 [keep:nemotron_says_] conf_wrong=0.00 (3.7s / total 138s, eta 22s)
[phase_a] 45/51 [keep:nemotron_says_] conf_wrong=0.00 (3.7s / total 142s, eta 19s)
[phase_a] 46/51 [keep:nemotron_says_] conf_wrong=0.00 (3.7s / total 146s, eta 16s)
[phase_a] 47/51 [keep:nemotron_says_] conf_wrong=0.00 (3.7s / total 150s, eta 13s)
[phase_a] 48/51 [keep:nemotron_says_] conf_wrong=0.00 (3.7s / total 153s, eta 10s)
[phase_a] 49/51 [keep:nemotron_says_] conf_wrong=0.00 (3.7s / total 157s, eta 6s)
[phase_a] 50/51 [keep:nemotron_says_] conf_wrong=0.00 (3.7s / total 161s, eta 3s)
[phase_a] 51/51 [keep:nemotron_says_] conf_wrong=0.00 (4.1s / total 165s, eta 0s)

[phase_a] done.
  applied corrections: 0/51
  rejections: {'nemotron_says_correct': 44}
  parse errors: 0
  total review time: 163s
  wall clock: 165s
