[phase_a] reviewing 51 segments at threshold=0.75 (VibeVoice presumed correct)
[phase_a] 2/51 [keep:nemotron_says_] conf_wrong=0.00 (3.6s / total 4s, eta 90s)
[phase_a] 3/51 [keep:nemotron_says_] conf_wrong=0.00 (3.6s / total 7s, eta 117s)
[phase_a] 4/51 [keep:nemotron_says_] conf_wrong=0.00 (3.7s / total 11s, eta 130s)
[phase_a] 6/51 [keep:nemotron_says_] conf_wrong=0.00 (3.7s / total 15s, eta 111s)
[phase_a] 7/51 [keep:nemotron_says_] conf_wrong=0.00 (3.7s / total 18s, eta 116s)
[phase_a] 8/51 [keep:nemotron_says_] conf_wrong=0.00 (3.7s / total 22s, eta 119s)
[phase_a] 9/51 [keep:nemotron_says_] conf_wrong=0.00 (3.7s / total 26s, eta 121s)
[phase_a] 10/51 [keep:nemotron_says_] conf_wrong=0.00 (3.7s / total 30s, eta 122s)
[phase_a] 11/51 [keep:nemotron_says_] conf_wrong=0.00 (3.7s / total 33s, eta 122s)
[phase_a] 12/51 [keep:nemotron_says_] conf_wrong=0.00 (3.7s / total 37s, eta 121s)
[phase_a] 13/51 [keep:nemotron_says_] conf_wrong=0.00 (3.7s / total 41s, eta 119s)
[phase_a] 14/51 [keep:nemotron_says_] conf_wrong=0.00 (3.7s / total 45s, eta 118s)
[phase_a] 16/51 [keep:nemotron_says_] conf_wrong=0.00 (4.2s / total 49s, eta 107s)
[phase_a] 17/51 [keep:nemotron_says_] conf_wrong=0.00 (3.7s / total 53s, eta 105s)
[phase_a] 19/51 [keep:nemotron_says_] conf_wrong=0.00 (3.7s / total 56s, eta 95s)
[phase_a] 21/51 [keep:nemotron_says_] conf_wrong=0.00 (3.7s / total 60s, eta 86s)
[phase_a] 22/51 [keep:nemotron_says_] conf_wrong=0.00 (3.7s / total 64s, eta 84s)
[phase_a] 23/51 [keep:nemotron_says_] conf_wrong=0.00 (3.7s / total 68s, eta 82s)
[phase_a] 24/51 [keep:nemotron_says_] conf_wrong=0.00 (3.7s / total 71s, eta 80s)
[phase_a] 25/51 [keep:nemotron_says_] conf_wrong=0.00 (3.7s / total 75s, eta 78s)
[phase_a] 27/51 [keep:nemotron_says_] conf_wrong=0.00 (4.2s / total 79s, eta 70s)
[phase_a] 28/51 [keep:nemotron_says_] conf_wrong=0.00 (3.7s / total 83s, eta 68s)
[phase_a] 29/51 [keep:nemotron_says_] conf_wrong=0.00 (4.1s / total 87s, eta 66s)
[phase_a] 30/51 [keep:nemotron_says_] conf_wrong=0.00 (4.6s / total 92s, eta 64s)
[phase_a] 32/51 [keep:nemotron_says_] conf_wrong=0.00 (3.7s / total 95s, eta 57s)
[phase_a] 33/51 [keep:nemotron_says_] conf_wrong=0.00 (3.7s / total 99s, eta 54s)
[phase_a] 34/51 [keep:nemotron_says_] conf_wrong=0.00 (3.7s / total 103s, eta 51s)
[phase_a] 35/51 [keep:nemotron_says_] conf_wrong=0.00 (3.7s / total 107s, eta 49s)
[phase_a] 36/51 [keep:nemotron_says_] conf_wrong=0.00 (3.7s / total 110s, eta 46s)
[phase_a] 37/51 [keep:nemotron_says_] conf_wrong=0.00 (3.7s / total 114s, eta 43s)
[phase_a] 38/51 [keep:nemotron_says_] conf_wrong=0.00 (3.7s / total 118s, eta 40s)
[phase_a] 39/51 [keep:nemotron_says_] conf_wrong=0.00 (3.7s / total 122s, eta 37s)
[phase_a] 40/51 [keep:nemotron_says_] conf_wrong=0.00 (3.7s / total 125s, eta 34s)
[phase_a] 41/51 [keep:nemotron_says_] conf_wrong=0.00 (3.7s / total 129s, eta 31s)
[phase_a] 42/51 [keep:nemotron_says_] conf_wrong=0.00 (3.7s / total 133s, eta 28s)
[phase_a] 43/51 [keep:nemotron_says_] conf_wrong=0.00 (3.7s / total 137s, eta 25s)
[phase_a] 44/51 [keep:nemotron_says_] conf_wrong=0.00 (3.7s / total 140s, eta 22s)
[phase_a] 45/51 [keep:nemotron_says_] conf_wrong=0.00 (3.7s / total 144s, eta 19s)
[phase_a] 46/51 [keep:nemotron_says_] conf_wrong=0.00 (3.7s / total 148s, eta 16s)
[phase_a] 47/51 [keep:nemotron_says_] conf_wrong=0.00 (3.7s / total 152s, eta 13s)
[phase_a] 48/51 [keep:nemotron_says_] conf_wrong=0.00 (3.7s / total 155s, eta 10s)
[phase_a] 49/51 [keep:nemotron_says_] conf_wrong=0.00 (3.7s / total 159s, eta 6s)
[phase_a] 50/51 [keep:nemotron_says_] conf_wrong=0.00 (3.7s / total 163s, eta 3s)
[phase_a] 51/51 [keep:nemotron_says_] conf_wrong=0.00 (3.7s / total 167s, eta 0s)

[phase_a] done.
  applied corrections: 0/51
  rejections: {'nemotron_says_correct': 44}
  parse errors: 0
  total review time: 165s
  wall clock: 167s
