[phase_a] reviewing 51 segments at threshold=0.75 (VibeVoice presumed correct)
[phase_a] 2/51 [keep:confidence_bel] conf_wrong=0.50 (4.1s / total 4s, eta 102s)
[phase_a] 3/51 [keep:confidence_bel] conf_wrong=0.00 (4.2s / total 8s, eta 134s)
[phase_a] 4/51 [keep:nemotron_says_] conf_wrong=0.00 (3.7s / total 12s, eta 142s)
[phase_a] 6/51 [keep:nemotron_says_] conf_wrong=0.00 (4.7s / total 17s, eta 126s)
[phase_a] 7/51 [keep:nemotron_says_] conf_wrong=0.00 (3.6s / total 20s, eta 129s)
[phase_a] 8/51 [keep:confidence_bel] conf_wrong=0.50 (4.6s / total 25s, eta 135s)
[phase_a] 9/51 [FLIP] conf_wrong=0.99 (4.7s / total 30s, eta 140s)
[phase_a] 10/51 [FLIP] conf_wrong=0.95 (6.2s / total 36s, eta 148s)
[phase_a] 11/51 [keep:confidence_bel] conf_wrong=0.00 (5.2s / total 41s, eta 150s)
[phase_a] 12/51 [keep:nemotron_says_] conf_wrong=0.00 (3.7s / total 45s, eta 146s)
[phase_a] 13/51 [keep:nemotron_says_] conf_wrong=0.00 (3.7s / total 49s, eta 143s)
[phase_a] 14/51 [FLIP] conf_wrong=0.90 (5.2s / total 54s, eta 143s)
[phase_a] 16/51 [keep:nemotron_says_] conf_wrong=0.00 (5.2s / total 59s, eta 130s)
[phase_a] 17/51 [keep:nemotron_says_] conf_wrong=0.00 (5.7s / total 65s, eta 130s)
[phase_a] 19/51 [keep:nemotron_says_] conf_wrong=0.00 (3.7s / total 69s, eta 116s)
[phase_a] 21/51 [keep:nemotron_says_] conf_wrong=0.00 (5.7s / total 74s, eta 106s)
[phase_a] 22/51 [keep:nemotron_says_] conf_wrong=0.00 (8.7s / total 83s, eta 110s)
[phase_a] 23/51 [keep:confidence_bel] conf_wrong=0.00 (5.2s / total 88s, eta 108s)
[phase_a] 24/51 [keep:confidence_bel] conf_wrong=0.00 (5.2s / total 94s, eta 105s)
[phase_a] 25/51 [keep:confidence_bel] conf_wrong=0.00 (4.7s / total 98s, eta 102s)
[phase_a] 27/51 [keep:nemotron_says_] conf_wrong=0.00 (5.7s / total 104s, eta 93s)
[phase_a] 28/51 [keep:nemotron_says_] conf_wrong=0.00 (5.2s / total 109s, eta 90s)
[phase_a] 29/51 [keep:confidence_bel] conf_wrong=0.10 (7.2s / total 117s, eta 88s)
[phase_a] 30/51 [keep:nemotron_says_] conf_wrong=0.00 (5.2s / total 122s, eta 85s)
[phase_a] 32/51 [keep:nemotron_says_] conf_wrong=0.00 (5.2s / total 127s, eta 75s)
[phase_a] 33/51 [keep:nemotron_says_] conf_wrong=0.00 (3.7s / total 131s, eta 71s)
[phase_a] 34/51 [keep:confidence_bel] conf_wrong=0.00 (4.7s / total 135s, eta 68s)
[phase_a] 35/51 [keep:nemotron_says_] conf_wrong=0.00 (5.7s / total 141s, eta 65s)
[phase_a] 36/51 [keep:nemotron_says_] conf_wrong=0.00 (4.2s / total 145s, eta 61s)
[phase_a] 37/51 [keep:nemotron_says_] conf_wrong=0.00 (4.7s / total 150s, eta 57s)
[phase_a] 38/51 [keep:nemotron_says_] conf_wrong=0.00 (4.2s / total 154s, eta 53s)
[phase_a] 39/51 [keep:nemotron_says_] conf_wrong=0.00 (3.7s / total 158s, eta 49s)
[phase_a] 40/51 [keep:nemotron_says_] conf_wrong=0.00 (3.7s / total 162s, eta 45s)
[phase_a] 41/51 [keep:nemotron_says_] conf_wrong=0.00 (6.2s / total 168s, eta 41s)
[phase_a] 42/51 [keep:nemotron_says_] conf_wrong=0.00 (7.2s / total 175s, eta 38s)
[phase_a] 43/51 [keep:nemotron_says_] conf_wrong=0.00 (5.7s / total 181s, eta 34s)
[phase_a] 44/51 [keep:nemotron_says_] conf_wrong=0.00 (4.7s / total 186s, eta 30s)
[phase_a] 45/51 [keep:nemotron_says_] conf_wrong=0.00 (3.7s / total 189s, eta 25s)
[phase_a] 46/51 [keep:nemotron_says_] conf_wrong=0.00 (8.2s / total 198s, eta 21s)
[phase_a] 47/51 [keep:nemotron_says_] conf_wrong=0.00 (4.1s / total 202s, eta 17s)
[phase_a] 48/51 [keep:nemotron_says_] conf_wrong=0.00 (4.7s / total 207s, eta 13s)
[phase_a] 49/51 [keep:nemotron_says_] conf_wrong=0.00 (3.7s / total 210s, eta 9s)
[phase_a] 50/51 [keep:nemotron_says_] conf_wrong=0.00 (5.7s / total 216s, eta 4s)
[phase_a] 51/51 [keep:nemotron_says_] conf_wrong=0.00 (9.7s / total 226s, eta 0s)

[phase_a] done.
  applied corrections: 3/51
  rejections: {'confidence_below_threshold (0.50 < 0.75)': 2, 'confidence_below_threshold (0.00 < 0.75)': 6, 'nemotron_says_correct': 32, 'confidence_below_threshold (0.10 < 0.75)': 1}
  parse errors: 1
  total review time: 224s
  wall clock: 226s
