[v3] reviewing 23 disagreement spans at threshold=0.75
[v3] 1/23 [keep:qwen_says_keep_a] verdict=keep_a conf=0.00 (6.1s; total 6s; eta 136s)
[v3] 2/23 [keep:qwen_says_keep_a] verdict=keep_a conf=0.00 (5.7s; total 12s; eta 125s)
[v3] 3/23 [keep:length_mismatch (a] verdict=replace_with_b conf=0.75 (7.2s; total 19s; eta 127s)
[v3] 4/23 [keep:qwen_says_keep_a] verdict=keep_a conf=0.00 (7.2s; total 26s; eta 125s)
[v3] 5/23 [keep:qwen_says_keep_a] verdict=keep_a conf=0.00 (6.7s; total 33s; eta 119s)
[v3] 6/23 [keep:qwen_says_keep_a] verdict=keep_a conf=0.00 (8.7s; total 42s; eta 118s)
[v3] 7/23 [keep:qwen_says_keep_a] verdict=keep_a conf=0.00 (11.2s; total 53s; eta 121s)
[v3] 8/23 [keep:qwen_says_keep_a] verdict=keep_a conf=0.00 (6.7s; total 60s; eta 112s)
[v3] 9/23 [keep:qwen_says_keep_a] verdict=keep_a conf=0.00 (8.2s; total 68s; eta 106s)
[v3] 10/23 [keep:qwen_says_keep_a] verdict=keep_a conf=0.00 (10.2s; total 78s; eta 102s)
[v3] 11/23 [keep:qwen_says_keep_a] verdict=keep_a conf=0.00 (8.2s; total 86s; eta 94s)
[v3] 12/23 [keep:qwen_says_keep_a] verdict=keep_a conf=0.00 (7.7s; total 94s; eta 86s)
[v3] 13/23 [keep:qwen_says_keep_a] verdict=keep_a conf=0.00 (6.7s; total 101s; eta 78s)
[v3] 14/23 [keep:qwen_says_keep_a] verdict=keep_a conf=0.00 (6.7s; total 108s; eta 69s)
[v3] 15/23 [keep:qwen_says_keep_a] verdict=keep_a conf=0.00 (9.8s; total 118s; eta 63s)
[v3] 16/23 [keep:qwen_says_keep_a] verdict=keep_a conf=0.00 (8.3s; total 126s; eta 55s)
[v3] 17/23 [keep:qwen_says_keep_a] verdict=keep_a conf=0.00 (9.7s; total 136s; eta 48s)
[v3] 18/23 [keep:qwen_says_keep_a] verdict=keep_a conf=0.00 (6.7s; total 142s; eta 40s)
[v3] 19/23 [keep:qwen_says_keep_a] verdict=keep_a conf=0.00 (12.8s; total 155s; eta 33s)
[v3] 20/23 [keep:qwen_says_keep_a] verdict=keep_a conf=0.00 (7.7s; total 163s; eta 24s)
[v3] 21/23 [keep:qwen_says_keep_a] verdict=keep_a conf=0.00 (6.7s; total 170s; eta 16s)
[v3] 22/23 [keep:qwen_says_keep_a] verdict=keep_a conf=0.00 (11.8s; total 182s; eta 8s)
[v3] 23/23 [keep:qwen_says_keep_a] verdict=keep_a conf=0.00 (11.3s; total 193s; eta 0s)

[v3] done.
  spans reviewed:        23
  applied corrections:   0
  rejection breakdown:   {'qwen_says_keep_a': 22, 'length_mismatch (a=5w vs corrected=19w; ratio 3.80)': 1}
  total review time:     192s
  wall clock:            193s
